// Jest Snapshot v1, https://goo.gl/fbAQLP

exports[`Catalog Helper convertCatalogCalculationResult Should convert a valid result 1`] = `
Object {
  "bearingBehaviour": Object {
    "lh10": Object {
      "unit": "h",
      "value": "123.45",
    },
  },
  "loadcaseOverrollingFrequencies": Array [
    Object {
      "BPFI": Object {
        "loadcaseName": "",
        "short": "BPFI",
        "title": "BPFI",
        "unit": "1/s",
        "value": "123.45",
      },
      "BPFO": Object {
        "loadcaseName": "",
        "short": "BPFO",
        "title": "BPFO",
        "unit": "1/s",
        "value": "123.45",
      },
      "BSF": Object {
        "loadcaseName": "",
        "short": "BSF",
        "title": "BSF",
        "unit": "1/s",
        "value": "123.45",
      },
      "FTF": Object {
        "loadcaseName": "",
        "short": "FTF",
        "title": "FTF",
        "unit": "1/s",
        "value": "123.45",
      },
      "RPFB": Object {
        "loadcaseName": "",
        "short": "RPFB",
        "title": "RPFB",
        "unit": "1/s",
        "value": "123.45",
      },
    },
  ],
  "reportMessages": Object {
    "errors": Array [],
    "notes": Array [],
    "warnings": Array [],
  },
}
`;
