// Jest Snapshot v1, https://goo.gl/fbAQLP

exports[`Calculation Fields Selector getCalculationFieldsConfig should return the fields config 1`] = `
Object {
  "preset": Array [
    "time",
    "energySource",
    "operatingTemperature",
    "contamination",
  ],
  "required": Array [
    "load",
    "rotatingCondition",
    "lubrication",
  ],
}
`;
