// Jest Snapshot v1, https://goo.gl/fbAQLP

exports[`Calculation Types Selector getCalculationTypesConfig should return the operation conditions 1`] = `
Array [
  Object {
    "disabled": false,
    "icon": "compress",
    "label": "calculationTypes.frictionalPowerloss",
    "name": "frictionalPowerloss",
    "selected": true,
    "visible": true,
  },
  Object {
    "disabled": true,
    "label": "calculationTypes.co2",
    "name": "emission",
    "selected": true,
    "svgIcon": "co2",
    "visible": true,
  },
]
`;

exports[`Calculation Types Selector getCalculationTypesGlobalSelectionState should return the operation conditions 1`] = `
Object {
  "indeterminate": true,
  "selectAll": true,
}
`;
