// Jest Snapshot v1, https://goo.gl/fbAQLP

exports[`ApplicationComponent should have lsa-radio button component 1`] = `
Array [
  Object {
    "name": "recommendation.application.powerOptions.external",
    "value": 0,
  },
  Object {
    "name": "recommendation.application.powerOptions.battery",
    "value": 1,
  },
  Object {
    "name": "recommendation.application.powerOptions.noPreference",
    "value": 2,
  },
]
`;
